// Jest Snapshot v1, https://goo.gl/fbAQLP

exports[`src/components/elements/Card render 1`] = `
<section
  className="card-component"
/>
`;
